components/AISummary.tsx
components/AgreementCommentPanel.tsx
components/AgreementReviewPage.tsx
components/AgreementTab.tsx
components/AskMeAnything.tsx
components/AttachmentDisplay.tsx
components/CDAWorkflowActions.tsx
components/CdaSign.tsx
components/CommandPalette.tsx
components/ControlTowerMilestones.tsx
components/ConversationDetail.tsx
components/ConversationList.tsx
components/ConversationRightSidebar.tsx
components/CreateThreadFromConversation.tsx
components/FeasibilityForm.tsx
components/InlineAISummary.tsx
components/LogisticsTab.tsx
components/MessageList.tsx
components/OnlyOfficeEditor.tsx
components/PrivilegedActions.tsx
components/Profile.tsx
components/QuestionnaireActions.tsx
components/Sidebar.tsx
components/SiteControlTower.tsx
components/SiteHeaderBanner.tsx
components/SiteProfileTab.tsx
components/SiteStatusTab.tsx
components/StudyTemplateLibrary.tsx
components/TaskFormModal.tsx
components/TasksTab.tsx
components/ThreadCombinationSuggestions.tsx
components/ThreadDetail.tsx
components/UnderConsiderationWorkflow.tsx
components/UnifiedInbox.tsx
components/UserPicker.tsx
components/VisitConfirmationPage.tsx
components/VisitReportReviewPage.tsx
components/VisitReschedulePage.tsx
components/WorkspaceHome.tsx
components/mon/components/views/visit-detail/PreVisitTab.tsx
features/site-budgeting/site-creation/SiteAssignmentForm.tsx
features/site-budgeting/site-creation/SiteAssignmentManagement.tsx
features/study-setup/tabs/StudyTeam.tsx
modules/site-packages/components/CreateSitePackageForm.jsx
pages/forms/IRBAdministrativeInfo.jsx
services/isfBrowserService.ts
services/site.service.ts
services/sitePackageService.ts
services/siteStatusService.ts
services/studyService.ts
